[at9.premiummod.com/index6a64.html]
[backblue.gif]
[fade.gif]
[index.html]
[at9.premiummod.com/wp-includes/js/jquery/jquery6619.js]
[at9.premiummod.com/wp-json/index.html]
[at9.premiummod.com/wp-login.html]
[at9.premiummod.com/wp-login0ddc.html]
[at9.premiummod.com/wp-content/themes/AT9/framework/img/facebooklogin.png]
[at9.premiummod.com/wp-content/themes/childtheme_auction_10/img/logo.png]
[at9.premiummod.com/index.html]
[at9.premiummod.com/wp-login456e.html]
[at9.premiummod.com/wp-content/themes/childtheme_auction_10/img/hero1.jpg]
[at9.premiummod.com/listing-category/music/index.html]
[at9.premiummod.com/wp-content/themes/childtheme_auction_10/img/hero2.jpg]
[at9.premiummod.com/listing-category/dance/index.html]
[at9.premiummod.com/listing-category/electronic-music/index.html]
[at9.premiummod.com/listing-category/pop/index.html]
[at9.premiummod.com/listing-category/rock/index.html]
[at9.premiummod.com/listing-category/books/index.html]
[at9.premiummod.com/listing-category/crime-fiction/index.html]
[at9.premiummod.com/listing-category/fiction/index.html]
[at9.premiummod.com/listing-category/erotica/index.html]
[at9.premiummod.com/listing-category/romance/index.html]
[at9.premiummod.com/listing-category/fashion/index.html]
[at9.premiummod.com/listing-category/men/index.html]
[at9.premiummod.com/listing-category/accessories-fashion/index.html]
[premiumpress.com/_demoimages/auction2/9-5.jpg]
[at9.premiummod.com/listing-category/women/index.html]
[at9.premiummod.com/listing-category/kids/index.html]
[at9.premiummod.com/listing-category/jewelry/index.html]
[at9.premiummod.com/listing-category/laptop-jewelry/index.html]
[at9.premiummod.com/listing-category/notebook-jewelry/index.html]
[at9.premiummod.com/listing-category/camera-jewelry/index.html]
[at9.premiummod.com/listing-category/mobile-jewelry/index.html]
[at9.premiummod.com/listing-category/furniture/index.html]
[at9.premiummod.com/wp-content/themes/AT9/framework/img/medal.png]
[at9.premiummod.com/listing-category/accessories/index.html]
[at9.premiummod.com/listing-category/theater-furniture/index.html]
[at9.premiummod.com/listing-category/television-furniture/index.html]
[at9.premiummod.com/listing-category/digital/index.html]
[at9.premiummod.com/wp-logind85a.html]
[at9.premiummod.com/listing-category/notebook/index.html]
[at9.premiummod.com/listing-category/laptop/index.html]
[at9.premiummod.com/listing-category/camera/index.html]
[premiumpress.com/_demoimages/auction2/9-3.jpg]
[at9.premiummod.com/listing-category/mobile/index.html]
[at9.premiummod.com/wp-login21a9.html]
[at9.premiummod.com/listing-category/electronic/index.html]
[at9.premiummod.com/listing-category/arm/index.html]
[at9.premiummod.com/listing-category/theater/index.html]
[at9.premiummod.com/listing-category/air-conditional-furniture/index.html]
[premiumpress.com/_demoimages/auction2/9-2.jpg]
[at9.premiummod.com/listing-category/television/index.html]
[at9.premiummod.com/wp-loginf18e.html]
[at9.premiummod.com/listing-category/gaming/index.html]
[at9.premiummod.com/listing-category/air-conditional/index.html]
[at9.premiummod.com/listing-category/xbox/index.html]
[at9.premiummod.com/listing-category/playstation/index.html]
[at9.premiummod.com/listing-category/pc-games/index.html]
[premiumpress.com/_demoimages/auction2/8-3.1d.delayed]
[at9.premiummod.com/listing-category/accessories-gaming/index.html]
[at9.premiummod.com/listing-category/sports/index.html]
[at9.premiummod.com/listing-category/climbing/index.html]
[at9.premiummod.com/wp-login42c2.html]
[at9.premiummod.com/listing-category/swimming/index.html]
[at9.premiummod.com/listing-category/football/index.html]
[at9.premiummod.com/how-it-works/index.html]
[at9.premiummod.com/listing-category/tennis/index.html]
[at9.premiummod.com/all-cats/index.html]
[at9.premiummod.com/index1919.html]
[at9.premiummod.com/memberships/index.html]
[at9.premiummod.com/contact/index.html]
[premiumpress.com/_demoimages/auction2/8-1.jpg]
[at9.premiummod.com/listing/auction-45/index.html]
[at9.premiummod.com/listing/auction-43/index.html]
[at9.premiummod.com/wp-login7eaf.html]
[at9.premiummod.com/blog/index.html]
[at9.premiummod.com/listing/auction-38/index.html]
[at9.premiummod.com/listing/auction-42/index.html]
[at9.premiummod.com/listing/auction-36/index.html]
[at9.premiummod.com/listing/auction-35/index.html]
[premiumpress.com/_demoimages/auction2/7-5.jpg]
[at9.premiummod.com/wp-login940f.html]
[premiumpress.com/_demoimages/auction2/7-4.jpg]
[at9.premiummod.com/listing/auction-34/index.html]
[at9.premiummod.com/wp-login9a0e.html]
[at9.premiummod.com/listing/auction-33/index.html]
[premiumpress.com/_demoimages/auction2/7-3.jpg]
[at9.premiummod.com/wp-login3281.html]
[premiumpress.com/_demoimages/auction2/7-2.jpg]
[at9.premiummod.com/listing/auction-32/index.html]
[at9.premiummod.com/wp-login8359.html]
[premiumpress.com/_demoimages/auction2/7-1.jpg]
[at9.premiummod.com/wp-login4bcf.html]
[at9.premiummod.com/listing/auction-31/index.html]
[premiumpress.com/_demoimages/auction2/6-5.jpg]
[at9.premiummod.com/wp-loginc926.html]
[at9.premiummod.com/listing/auction-30/index.html]
[premiumpress.com/_demoimages/auction2/6-3.jpg]
[at9.premiummod.com/wp-loginb8bc.html]
[at9.premiummod.com/listing/auction-28/index.html]
[premiumpress.com/_demoimages/auction2/6-2.jpg]
[at9.premiummod.com/wp-login4446.html]
[at9.premiummod.com/listing/auction-27/index.html]
[premiumpress.com/_demoimages/auction2/6-1.jpg]
[at9.premiummod.com/listing/auction-26/index.html]
[at9.premiummod.com/wp-login4b3b.html]
[premiumpress.com/_demoimages/auction2/5-5.jpg]
[at9.premiummod.com/listing/auction-25/index.html]
[at9.premiummod.com/wp-login4654.html]
[www.premiumpress.com/_demoimages/blog/blog8.jpg]
[at9.premiummod.com/2019/12/18/example-blog-post-24/index.html]
[at9.premiummod.com/2019/12/18/example-blog-post-23/index.html]
[www.premiumpress.com/_demoimages/blog/blog7.jpg]
[www.premiumpress.com/_demoimages/blog/blog6.jpg]
[at9.premiummod.com/2019/12/18/example-blog-post-22/index.html]
[at9.premiummod.com/2019/12/18/example-blog-post-21/index.html]
[www.premiumpress.com/_demoimages/blog/blog5.jpg]
[www.premiumpress.com/_demoimages/blog/blog4.jpg]
[at9.premiummod.com/wp-content/themes/AT9/framework/js/backup_js/js.bootstrap2333.js]
[at9.premiummod.com/2019/12/18/example-blog-post-20/index.html]
[at9.premiummod.com/wp-content/themes/AT9/framework/js/backup_js/js.framework2333.js]
[at9.premiummod.com/index7e3b.html]
[at9.premiummod.com/index6a64.html]
[kit.fontawesome.com/5381299f202333.js]
[at9.premiummod.com/index6eda.html]
[at9.premiummod.com/wp-content/themes/AT9/framework/elementor/img/backgrounds/form-datalist.svg]
[at9.premiummod.com/wp-content/themes/AT9/framework/elementor/css/elementor6619.css]
[at9.premiummod.com/wp-includes/css/dist/block-library/style.min6619.css]
[at9.premiummod.com/wp-content/themes/AT9/framework/css/backup_css/css.bootstrap2333.css]
[at9.premiummod.com/wp-content/themes/AT9/framework/img/overlay.png]
[at9.premiummod.com/wp-content/themes/AT9/framework/img/flags.png]
[www.facebook.com/images/connect_sprite.png]
[at9.premiummod.com/wp-content/themes/AT9/framework/img/slider/prettyPhoto/default/sprite.png]
[at9.premiummod.com/wp-content/themes/AT9/framework/img/slider/prettyPhoto/default/sprite_x.png]
[at9.premiummod.com/wp-content/themes/AT9/framework/img/slider/prettyPhoto/default/sprite_y.png]
[at9.premiummod.com/wp-content/themes/AT9/framework/img/slider/prettyPhoto/default/sprite_next.png]
[at9.premiummod.com/wp-content/themes/AT9/framework/img/slider/prettyPhoto/default/sprite_prev.png]
[at9.premiummod.com/wp-content/themes/AT9/framework/img/slider/prettyPhoto/default/default_thumb.png]
[at9.premiummod.com/wp-content/themes/AT9/framework/img/slider/prettyPhoto/default/loader.gif]
[at9.premiummod.com/wp-content/themes/AT9/framework/img/slider/prettyPhoto/btnNext.png]
[at9.premiummod.com/wp-content/themes/AT9/framework/css/backup_css/css.plugins2333.css]
[at9.premiummod.com/wp-content/themes/AT9/framework/img/icons/user1.png]
[at9.premiummod.com/wp-content/themes/AT9/framework/img/icons/download.png]
[at9.premiummod.com/wp-content/themes/AT9/framework/img/icons/basket1.png]
[at9.premiummod.com/wp-content/themes/AT9/framework/css/backup_css/css.styles2333.css]
[at9.premiummod.com/wp-content/themes/AT9/framework/css/backup_css/css.menu2333.css]
[at9.premiummod.com/wp-content/themes/AT9/framework/css/backup_css/css.shortcodes2333.css]
[at9.premiummod.com/wp-content/themes/AT9/framework/css/backup_css/css.widgets2333.css]
[at9.premiummod.com/wp-content/themes/AT9/framework/css/backup_css/css.search2333.css]
[at9.premiummod.com/wp-content/themes/AT9/framework/css/backup_css/css.account2333.css]
[at9.premiummod.com/wp-content/themes/AT9/framework/css/backup_css/css.responsive2333.css]
[at9.premiummod.com/wp-content/themes/AT9/framework/css/backup_css/css.googlefonts2333.css]
[at9.premiummod.com/wp-content/themes/AT9/_auction/template/img/sprite-skin-nice.png]
[at9.premiummod.com/wp-content/themes/AT9/_auction/css.global2333.css]
[at9.premiummod.com/wp-content/themes/childtheme_auction_10/style2333.css]
[at9.premiummod.com/wp-includes/js/jquery/jquery4a5f.js]
[at9.premiummod.com/wp-includes/js/jquery/jquery-migrate.min330a.js]
[at9.premiummod.com/about-us/index.html]
[at9.premiummod.com/faq/index.html]
[at9.premiummod.com/privacy/index.html]
[at9.premiummod.com/wp-content/themes/AT9/_auction/template/img/logo.67.delayed]
[at9.premiummod.com/advertising/index.html]
[at9.premiummod.com/wp-login.html]
[at9.premiummod.com/wp-login0ddc.html]
[at9.premiummod.com/testimonials/index.html]
[premiumpress.com/_demoimages/elementor/_hero/cat4.jpg]
[premiumpress.com/_demoimages/auction2/2-4.jpg]
[premiumpress.com/_demoimages/auction2/9-1.jpg]
[at9.premiummod.com/listing/auction-9/index.html]
[premiumpress.com/_demoimages/auction2/8-5.jpg]
[at9.premiummod.com/listing/auction-40/index.html]
[premiumpress.com/_demoimages/auction2/1-4.jpg]
[at9.premiummod.com/listing/auction-41/index.html]
[at9.premiummod.com/listing/auction-4/index.html]
[premiumpress.com/_demoimages/auction2/5-1.jpg]
[at9.premiummod.com/index.html]
[at9.premiummod.com/wp-login456e.html]
[at9.premiummod.com/listing-category/music/index.html]
[at9.premiummod.com/listing-category/pop/index.html]
[at9.premiummod.com/listing/auction-21/index.html]
[at9.premiummod.com/index8266.html]
[at9.premiummod.com/listing-category/dance/index.html]
[at9.premiummod.com/listing-category/electronic-music/index.html]
[at9.premiummod.com/listing-category/rock/index.html]
[at9.premiummod.com/listing-category/books/index.html]
[at9.premiummod.com/listing-category/romance/index.html]
[at9.premiummod.com/listing-category/crime-fiction/index.html]
[at9.premiummod.com/listing-category/fiction/index.html]
[at9.premiummod.com/listing-category/erotica/index.html]
[at9.premiummod.com/listing-category/fashion/index.html]
[at9.premiummod.com/listing-category/accessories-fashion/index.html]
[at9.premiummod.com/listing-category/men/index.html]
[at9.premiummod.com/listing-category/kids/index.html]
[at9.premiummod.com/listing-category/women/index.html]
[at9.premiummod.com/listing/auction-24/index.html]
[premiumpress.com/_demoimages/auction2/5-4.jpg]
[at9.premiummod.com/wp-logineeff.html]
[premiumpress.com/_demoimages/auction2/5-3.jpg]
[at9.premiummod.com/wp-login799b.html]
[at9.premiummod.com/listing/auction-23/index.html]
[at9.premiummod.com/listing-category/jewelry/index.html]
[at9.premiummod.com/wp-login8b54.html]
[at9.premiummod.com/listing-category/laptop-jewelry/index.html]
[at9.premiummod.com/listing-category/notebook-jewelry/index.html]
[at9.premiummod.com/listing-category/camera-jewelry/index.html]
[at9.premiummod.com/listing-category/mobile-jewelry/index.html]
[premiumpress.com/_demoimages/auction2/4-4.jpg]
[at9.premiummod.com/listing/auction-19/index.html]
[at9.premiummod.com/wp-loginc59b.html]
[premiumpress.com/_demoimages/auction2/4-3.jpg]
[at9.premiummod.com/listing/auction-18/index.html]
[at9.premiummod.com/wp-login8080.html]
[premiumpress.com/_demoimages/auction2/4-2.jpg]
[at9.premiummod.com/wp-login33a0.html]
[premiumpress.com/_demoimages/auction2/4-1.jpg]
[at9.premiummod.com/listing/auction-17/index.html]
[at9.premiummod.com/listing/auction-16/index.html]
[at9.premiummod.com/wp-login607a.html]
[premiumpress.com/_demoimages/auction2/4-5.jpg]
[at9.premiummod.com/listing/auction-20/index.html]
[at9.premiummod.com/wp-login92b7.html]
[at9.premiummod.com/listing-category/furniture/index.html]
[at9.premiummod.com/listing-category/television-furniture/index.html]
[at9.premiummod.com/listing-category/accessories/index.html]
[at9.premiummod.com/listing-category/theater-furniture/index.html]
[at9.premiummod.com/listing-category/air-conditional-furniture/index.html]
[premiumpress.com/_demoimages/auction2/3-3.jpg]
[at9.premiummod.com/wp-login7f14.html]
[premiumpress.com/_demoimages/auction2/3-2.jpg]
[at9.premiummod.com/listing/auction-13/index.html]
[at9.premiummod.com/listing/auction-12/index.html]
[at9.premiummod.com/wp-login9b17.html]
[premiumpress.com/_demoimages/auction2/3-1.jpg]
[at9.premiummod.com/wp-login3245.html]
[at9.premiummod.com/listing/auction-11/index.html]
[premiumpress.com/_demoimages/auction2/3-5.jpg]
[at9.premiummod.com/listing/auction-15/index.html]
[at9.premiummod.com/listing-category/digital/index.html]
[at9.premiummod.com/wp-logina205.html]
[at9.premiummod.com/listing-category/notebook/index.html]
[at9.premiummod.com/listing-category/laptop/index.html]
[at9.premiummod.com/listing-category/camera/index.html]
[at9.premiummod.com/listing-category/mobile/index.html]
[at9.premiummod.com/listing/auction-10/index.html]
[premiumpress.com/_demoimages/auction2/2-5.jpg]
[at9.premiummod.com/wp-loginb66e.html]
[at9.premiummod.com/wp-loginf3d2.html]
[premiumpress.com/_demoimages/auction2/2-2.jpg]
[at9.premiummod.com/listing/auction-7/index.html]
[at9.premiummod.com/wp-login9f6e.html]
[at9.premiummod.com/listing/auction-6/index.html]
[premiumpress.com/_demoimages/auction2/2-1.jpg]
[at9.premiummod.com/listing-category/electronic/index.html]
[at9.premiummod.com/wp-login06fd.html]
[at9.premiummod.com/listing-category/arm/index.html]
[at9.premiummod.com/listing-category/theater/index.html]
[at9.premiummod.com/listing-category/air-conditional/index.html]
[at9.premiummod.com/listing-category/television/index.html]
[at9.premiummod.com/listing-category/gaming/index.html]
[at9.premiummod.com/listing-category/xbox/index.html]
[at9.premiummod.com/listing-category/playstation/index.html]
[at9.premiummod.com/listing-category/pc-games/index.html]
[at9.premiummod.com/listing-category/accessories-gaming/index.html]
[premiumpress.com/_demoimages/auction2/1-5.jpg]
[at9.premiummod.com/wp-login8ec0.html]
[at9.premiummod.com/listing/auction-5/index.html]
[at9.premiummod.com/wp-login0d76.html]
[at9.premiummod.com/listing/auction-2/index.html]
[premiumpress.com/_demoimages/auction2/1-2.jpg]
[at9.premiummod.com/wp-login6a6f.html]
[premiumpress.com/_demoimages/auction2/1-1.jpg]
[at9.premiummod.com/listing/auction-1/index.html]
[at9.premiummod.com/wp-login9672.html]
[premiumpress.com/_demoimages/auction2/1-3.jpg]
[at9.premiummod.com/wp-login7176.html]
[at9.premiummod.com/listing/auction-3/index.html]
[at9.premiummod.com/listing-category/sports/index.html]
[at9.premiummod.com/listing-category/climbing/index.html]
[at9.premiummod.com/listing-category/swimming/index.html]
[at9.premiummod.com/listing-category/football/index.html]
[at9.premiummod.com/listing-category/tennis/index.html]
[at9.premiummod.com/wp-json/oembed/1.0/embed0ed1.json]
[at9.premiummod.com/wp-json/oembed/1.0/embed5a7e]
[premiumpress.com/_demoimages/pagetitle/title-how.jpg]
[premiumpress.com/_demoimages/elementor/how2.jpg]
[premiumpress.com/_demoimages/elementor/how3.jpg]
[premiumpress.com/_demoimages/elementor/how4.jpg]
[at9.premiummod.com/how-it-works/index.html]
[at9.premiummod.com/index1919.html]
[at9.premiummod.com/how-it-works/index8266.html]
[at9.premiummod.com/index03c7.html]
[at9.premiummod.com/page/2/index03c7.html]
[at9.premiummod.com/index53e3.html]
[at9.premiummod.com/wp-json/oembed/1.0/embed196d.json]
[at9.premiummod.com/wp-json/oembed/1.0/embed9e60]
[at9.premiummod.com/page/3/index03c7.html]
[premiumpress.com/_demoimages/pagetitle/title-default.jpg]
[at9.premiummod.com/all-cats/index.html]
[at9.premiummod.com/all-cats/index8266.html]
[at9.premiummod.com/wp-json/oembed/1.0/embed9b5b.json]
[at9.premiummod.com/wp-json/oembed/1.0/embede253]
[at9.premiummod.com/memberships/index.html]
[at9.premiummod.com/wp-loginc1df.html]
[at9.premiummod.com/wp-json/oembed/1.0/embed2a4a.json]
[at9.premiummod.com/memberships/index8266.html]
[at9.premiummod.com/wp-json/oembed/1.0/embed6749]
[premiumpress.com/_demoimages/pagetitle/title-blog.jpg]
[at9.premiummod.com/category/uncategorized/index.html]
[www.premiumpress.com/_demoimages/blog/blog3.jpg]
[at9.premiummod.com/2019/12/18/example-blog-post-19/index.html]
[www.premiumpress.com/_demoimages/blog/blog2.jpg]
[at9.premiummod.com/2019/12/18/example-blog-post-18/index.html]
[www.premiumpress.com/_demoimages/blog/blog1.jpg]
[at9.premiummod.com/blog/index.html]
[at9.premiummod.com/2019/12/18/example-blog-post-17/index.html]
[at9.premiummod.com/blog/page/2/index.html]
[at9.premiummod.com/wp-json/oembed/1.0/embedeb06.json]
[at9.premiummod.com/blog/page/4/index.html]
[at9.premiummod.com/blog/page/3/index.html]
[at9.premiummod.com/wp-json/oembed/1.0/embed9042]
[premiumpress.com/_demoimages/pagetitle/title-contact.jpg]
[at9.premiummod.com/contact/index.html]
[at9.premiummod.com/contact/index8266.html]
[at9.premiummod.com/wp-json/oembed/1.0/embedb57f.json]
[at9.premiummod.com/wp-json/oembed/1.0/embeda4f7]
[at9.premiummod.com/wp-includes/images/media/default.png]
[at9.premiummod.com/wp-content/themes/AT9/framework/img/social/facebook32.png]
[at9.premiummod.com/wp-content/themes/AT9/framework/img/social/twitter32.png]
[at9.premiummod.com/wp-content/themes/AT9/framework/img/social/linkedin32.png]
[at9.premiummod.com/wp-content/themes/AT9/framework/img/social/googleplus32.png]
[at9.premiummod.com/wp-logina0ea.html]
[at9.premiummod.com/wp-includes/js/wp-embed.min6619.js]
[at9.premiummod.com/listing/auction-45/index.html]
[at9.premiummod.com/wp-logind85a.html]
[at9.premiummod.com/author/markfail/index.html]
[at9.premiummod.com/index1f1c.html]
[at9.premiummod.com/wp-json/oembed/1.0/embed0e34.json]
[at9.premiummod.com/wp-json/oembed/1.0/embed63f3]
[at9.premiummod.com/listing/auction-43/index.html]
[at9.premiummod.com/wp-login21a9.html]
[at9.premiummod.com/wp-login8454.html]
[at9.premiummod.com/wp-json/oembed/1.0/embedfe03.json]
[at9.premiummod.com/index9df5.html]
[at9.premiummod.com/wp-json/oembed/1.0/embed6663]
[at9.premiummod.com/listing/auction-42/index.html]
[at9.premiummod.com/wp-loginf18e.html]
[at9.premiummod.com/wp-login74f2.html]
[at9.premiummod.com/wp-json/oembed/1.0/embed04e9.json]
[at9.premiummod.com/indexe0da.html]
[at9.premiummod.com/wp-json/oembed/1.0/embedb115]
[at9.premiummod.com/listing/auction-38/index.html]
[at9.premiummod.com/wp-login5d3f.html]
[at9.premiummod.com/wp-login42c2.html]
[at9.premiummod.com/index4a9d.html]
[at9.premiummod.com/wp-json/oembed/1.0/embed2f7f.json]
[at9.premiummod.com/wp-json/oembed/1.0/embed0d49]
[at9.premiummod.com/listing/auction-36/index.html]
[at9.premiummod.com/wp-login7eaf.html]
[at9.premiummod.com/wp-login1635.html]
[at9.premiummod.com/index8e78.html]
[at9.premiummod.com/wp-json/oembed/1.0/embedf3ea.json]
[at9.premiummod.com/wp-json/oembed/1.0/embed098b]
[at9.premiummod.com/listing/auction-35/index.html]
[at9.premiummod.com/wp-login05df.html]
[at9.premiummod.com/wp-login940f.html]
[at9.premiummod.com/index434a.html]
[at9.premiummod.com/wp-json/oembed/1.0/embed369d.json]
[at9.premiummod.com/wp-json/oembed/1.0/embed2b3a]
[at9.premiummod.com/listing/auction-34/index.html]
[at9.premiummod.com/wp-login7fcb.html]
[at9.premiummod.com/wp-login9a0e.html]
[at9.premiummod.com/indexdac6.html]
[at9.premiummod.com/wp-json/oembed/1.0/embed7741.json]
[at9.premiummod.com/wp-json/oembed/1.0/embed8153]
[at9.premiummod.com/listing/auction-33/index.html]
[at9.premiummod.com/wp-logine979.html]
[at9.premiummod.com/wp-login3281.html]
[at9.premiummod.com/indexefa1.html]
[at9.premiummod.com/wp-json/oembed/1.0/embedb65b.json]
[at9.premiummod.com/wp-json/oembed/1.0/embed66a5]
[at9.premiummod.com/listing/auction-32/index.html]
[at9.premiummod.com/wp-login8359.html]
[at9.premiummod.com/wp-login12cf.html]
[at9.premiummod.com/indexb1c1.html]
[at9.premiummod.com/wp-json/oembed/1.0/embedf5cd.json]
[at9.premiummod.com/wp-json/oembed/1.0/embed98c7]
[at9.premiummod.com/listing/auction-31/index.html]
[at9.premiummod.com/wp-login4bcf.html]
[at9.premiummod.com/wp-login4697.html]
[at9.premiummod.com/wp-json/oembed/1.0/embed46c4.json]
[at9.premiummod.com/index7fef.html]
[at9.premiummod.com/wp-json/oembed/1.0/embed97eb]
[at9.premiummod.com/listing/auction-30/index.html]
[at9.premiummod.com/wp-logind802.html]
[at9.premiummod.com/wp-loginc926.html]
[at9.premiummod.com/indexe68a.html]
[at9.premiummod.com/wp-json/oembed/1.0/embed6a77.json]
[at9.premiummod.com/wp-json/oembed/1.0/embedaeea]
[at9.premiummod.com/listing/auction-28/index.html]
[at9.premiummod.com/wp-login0436.html]
[at9.premiummod.com/wp-loginb8bc.html]
[at9.premiummod.com/index92de.html]
[at9.premiummod.com/wp-json/oembed/1.0/embed5129.json]
[at9.premiummod.com/wp-json/oembed/1.0/embed6d2b]
[at9.premiummod.com/listing/auction-27/index.html]
[at9.premiummod.com/wp-login4446.html]
[at9.premiummod.com/wp-login7e64.html]
[at9.premiummod.com/index9358.html]
[at9.premiummod.com/wp-json/oembed/1.0/embed87c1.json]
[at9.premiummod.com/wp-json/oembed/1.0/embed503c]
[at9.premiummod.com/listing/auction-26/index.html]
[at9.premiummod.com/wp-login0689.html]
[at9.premiummod.com/wp-login4b3b.html]
[at9.premiummod.com/indexa769.html]
[at9.premiummod.com/wp-json/oembed/1.0/embed30e1.json]
[at9.premiummod.com/wp-json/oembed/1.0/embede5a7]
[at9.premiummod.com/listing/auction-25/index.html]
[at9.premiummod.com/wp-loginfee2.html]
[at9.premiummod.com/wp-login4654.html]
[at9.premiummod.com/index4f91.html]
[at9.premiummod.com/wp-json/oembed/1.0/embed6f6b.json]
[at9.premiummod.com/wp-json/oembed/1.0/embed7e48]
[at9.premiummod.com/2019/12/18/example-blog-post-24/index.html]
[at9.premiummod.com/wp-login1ed0.html]
[at9.premiummod.com/wp-json/oembed/1.0/embed0f41.json]
[at9.premiummod.com/wp-json/oembed/1.0/embede7b0]
[at9.premiummod.com/2019/12/18/example-blog-post-23/index.html]
[at9.premiummod.com/wp-login987d.html]
[at9.premiummod.com/wp-json/oembed/1.0/embeded4f.json]
[at9.premiummod.com/wp-json/oembed/1.0/embedd3eb]
[at9.premiummod.com/wp-login6184.html]
[at9.premiummod.com/2019/12/18/example-blog-post-22/index.html]
[at9.premiummod.com/wp-json/oembed/1.0/embedd8eb.json]
[at9.premiummod.com/wp-json/oembed/1.0/embed6102]
[at9.premiummod.com/2019/12/18/example-blog-post-21/index.html]
[at9.premiummod.com/wp-logina825.html]
[at9.premiummod.com/wp-json/oembed/1.0/embedbbe1.json]
[at9.premiummod.com/wp-json/oembed/1.0/embedd88b]
[at9.premiummod.com/2019/12/18/example-blog-post-20/index.html]
[at9.premiummod.com/index7e3b.html]
[at9.premiummod.com/index6eda.html]
[at9.premiummod.com/index6592.html]
[at9.premiummod.com/wp-content/themes/AT9/framework/elementor/img/backgrounds/divider-icon.svg]
[at9.premiummod.com/wp-content/themes/AT9/framework/elementor/img/backgrounds/list-bullet.svg]
[at9.premiummod.com/wp-content/themes/AT9/framework/elementor/img/backgrounds/form-datalist.html]
[at9.premiummod.com/wp-loginca54.html]
[at9.premiummod.com/wp-content/themes/AT9/_auction/template/style2333.css]
[at9.premiummod.com/wp-json/oembed/1.0/embedb663.json]
[at9.premiummod.com/wp-json/oembed/1.0/embedf02e]
[premiumpress.com/_demoimages/pagetitle/title-faq.jpg]
[at9.premiummod.com/faq/index.html]
[at9.premiummod.com/faq/index8266.html]
[at9.premiummod.com/wp-json/oembed/1.0/embedefb5.json]
[at9.premiummod.com/wp-json/oembed/1.0/embed070f]
[premiumpress.com/_demoimages/pagetitle/title-aboutus.jpg]
[at9.premiummod.com/about-us/index.html]
[at9.premiummod.com/about-us/index8266.html]
[at9.premiummod.com/wp-json/oembed/1.0/embed5a18.json]
[at9.premiummod.com/wp-json/oembed/1.0/embed0983]
[premiumpress.com/_demoimages/pagetitle/title-feedback.jpg]
[at9.premiummod.com/wp-content/themes/AT9/framework/img/user.png]
[at9.premiummod.com/testimonials/index.html]
[at9.premiummod.com/testimonials/index8266.html]
[at9.premiummod.com/wp-json/oembed/1.0/embed9a40.json]
[at9.premiummod.com/wp-json/oembed/1.0/embeda96d]
[at9.premiummod.com/privacy/index.html]
[at9.premiummod.com/wp-json/oembed/1.0/embed02df.json]
[at9.premiummod.com/privacy/index8266.html]
[at9.premiummod.com/wp-json/oembed/1.0/embed02ee]
[premiumpress.com/_demoimages/pagetitle/title-sellspace.jpg]
[at9.premiummod.com/advertising/index.html]
[at9.premiummod.com/advertising/index8266.html]
[at9.premiummod.com/wp-json/oembed/1.0/embedbeaa.json]
[at9.premiummod.com/wp-json/oembed/1.0/embed2537]
[at9.premiummod.com/listing/auction-9/index.html]
[at9.premiummod.com/wp-login08ef.html]
[at9.premiummod.com/index1cf0.html]
[at9.premiummod.com/wp-json/oembed/1.0/embed80f5.json]
[at9.premiummod.com/wp-json/oembed/1.0/embedcb7c]
[at9.premiummod.com/wp-logine4ea.html]
[at9.premiummod.com/listing/auction-41/index.html]
[at9.premiummod.com/wp-login53fb.html]
[at9.premiummod.com/wp-json/oembed/1.0/embed36f4.json]
[at9.premiummod.com/indexa001.html]
[at9.premiummod.com/wp-json/oembed/1.0/embed0819]
[at9.premiummod.com/wp-login77d8.html]
[at9.premiummod.com/listing/auction-40/index.html]
[at9.premiummod.com/wp-login4e5d.html]
[at9.premiummod.com/wp-json/oembed/1.0/embedbd06.json]
[at9.premiummod.com/index19b0.html]
[at9.premiummod.com/wp-json/oembed/1.0/embedf104]
[at9.premiummod.com/listing/auction-4/index.html]
[at9.premiummod.com/wp-login5d06.html]
[at9.premiummod.com/index8266.html]
[at9.premiummod.com/wp-json/oembed/1.0/embedeafb.json]
[at9.premiummod.com/wp-json/oembed/1.0/embeda6e6]
[at9.premiummod.com/index175c.html]
[at9.premiummod.com/listing/auction-21/index.html]
[at9.premiummod.com/wp-login71e9.html]
[at9.premiummod.com/wp-json/oembed/1.0/embedba57.json]
[at9.premiummod.com/indexeba8.html]
[at9.premiummod.com/wp-json/oembed/1.0/embed61aa]
[at9.premiummod.com/listing/auction-24/index.html]
[at9.premiummod.com/wp-logineeff.html]
[at9.premiummod.com/indexe085.html]
[at9.premiummod.com/wp-json/oembed/1.0/embed7305.json]
[at9.premiummod.com/wp-login5072.html]
[at9.premiummod.com/wp-json/oembed/1.0/embed45dc]
[at9.premiummod.com/listing/auction-23/index.html]
[at9.premiummod.com/wp-login799b.html]
[at9.premiummod.com/wp-login12cf-2.html]
[at9.premiummod.com/wp-login8b54.html]
[at9.premiummod.com/indexac0e.html]
[at9.premiummod.com/wp-json/oembed/1.0/embede269.json]
[at9.premiummod.com/wp-json/oembed/1.0/embed284a]
[at9.premiummod.com/listing/auction-19/index.html]
[at9.premiummod.com/wp-loginc59b.html]
[at9.premiummod.com/wp-loginb31e.html]
[at9.premiummod.com/wp-json/oembed/1.0/embeddc22.json]
[at9.premiummod.com/index6a8c.html]
[at9.premiummod.com/wp-json/oembed/1.0/embed4e98]
[at9.premiummod.com/listing/auction-18/index.html]
[at9.premiummod.com/wp-login8080.html]
[at9.premiummod.com/wp-logine3e7.html]
[at9.premiummod.com/wp-json/oembed/1.0/embedec33.json]
[at9.premiummod.com/index8e70.html]
[at9.premiummod.com/wp-json/oembed/1.0/embed2b94]
[at9.premiummod.com/listing/auction-17/index.html]
[at9.premiummod.com/wp-login33a0.html]
[at9.premiummod.com/wp-login57d3.html]
[at9.premiummod.com/wp-json/oembed/1.0/embedb36b.json]
[at9.premiummod.com/indexe0fe.html]
[at9.premiummod.com/wp-json/oembed/1.0/embedc2e4]
[at9.premiummod.com/listing/auction-16/index.html]
[at9.premiummod.com/wp-logine9f0.html]
[at9.premiummod.com/wp-login607a.html]
[at9.premiummod.com/wp-json/oembed/1.0/embeda971.json]
[at9.premiummod.com/indexe08d.html]
[at9.premiummod.com/wp-json/oembed/1.0/embede555]
[at9.premiummod.com/listing/auction-20/index.html]
[at9.premiummod.com/wp-login92b7.html]
[at9.premiummod.com/wp-login155e.html]
[at9.premiummod.com/wp-json/oembed/1.0/embed5f39.json]
[at9.premiummod.com/index1a3a.html]
[at9.premiummod.com/wp-json/oembed/1.0/embed9f04]
[at9.premiummod.com/listing/auction-13/index.html]
[at9.premiummod.com/wp-login7f14.html]
[at9.premiummod.com/wp-logindde5.html]
[at9.premiummod.com/wp-json/oembed/1.0/embedcc28.json]
[at9.premiummod.com/indexe11f.html]
[at9.premiummod.com/wp-json/oembed/1.0/embedc03b]
[at9.premiummod.com/listing/auction-12/index.html]
[at9.premiummod.com/wp-login9b17.html]
[at9.premiummod.com/wp-login4528.html]
[at9.premiummod.com/wp-json/oembed/1.0/embedb769.json]
[at9.premiummod.com/index944c.html]
[at9.premiummod.com/wp-json/oembed/1.0/embed0039]
[at9.premiummod.com/listing/auction-11/index.html]
[at9.premiummod.com/wp-login3245.html]
[at9.premiummod.com/wp-login41ea.html]
[at9.premiummod.com/wp-json/oembed/1.0/embedb808.json]
[at9.premiummod.com/indexf5a4.html]
[at9.premiummod.com/wp-json/oembed/1.0/embedfbc4]
[at9.premiummod.com/listing/auction-15/index.html]
[at9.premiummod.com/wp-loginf3ba.html]
[at9.premiummod.com/wp-logina205.html]
[at9.premiummod.com/index09e2.html]
[at9.premiummod.com/wp-json/oembed/1.0/embed1de5.json]
[at9.premiummod.com/wp-json/oembed/1.0/embed4df4]
[at9.premiummod.com/listing/auction-10/index.html]
[at9.premiummod.com/wp-loginb66e.html]
[at9.premiummod.com/wp-loginf3d2.html]
[at9.premiummod.com/wp-loginebef.html]
[at9.premiummod.com/index4a64.html]
[at9.premiummod.com/wp-json/oembed/1.0/embed1de6.json]
[at9.premiummod.com/wp-json/oembed/1.0/embed7f78]
[at9.premiummod.com/listing/auction-7/index.html]
[at9.premiummod.com/wp-login9f6e.html]
[at9.premiummod.com/wp-login2b45.html]
[at9.premiummod.com/wp-json/oembed/1.0/embedc64f.json]
[at9.premiummod.com/index416a.html]
[at9.premiummod.com/wp-json/oembed/1.0/embed8c1c]
[at9.premiummod.com/listing/auction-6/index.html]
[at9.premiummod.com/wp-login06fd.html]
[at9.premiummod.com/wp-login0a72.html]
[at9.premiummod.com/wp-json/oembed/1.0/embedc78a.json]
[at9.premiummod.com/index1529.html]
[at9.premiummod.com/wp-json/oembed/1.0/embed0d78]
[at9.premiummod.com/listing/auction-5/index.html]
[at9.premiummod.com/wp-login8ec0.html]
[at9.premiummod.com/wp-login1a49.html]
[at9.premiummod.com/wp-login0d76.html]
[at9.premiummod.com/index3c81.html]
[at9.premiummod.com/wp-json/oembed/1.0/embed6570.json]
[at9.premiummod.com/wp-json/oembed/1.0/embed101d]
[at9.premiummod.com/listing/auction-2/index.html]
[at9.premiummod.com/wp-loginca62.html]
[at9.premiummod.com/wp-login6a6f.html]
[at9.premiummod.com/wp-json/oembed/1.0/embede961.json]
[at9.premiummod.com/index10ff.html]
[at9.premiummod.com/wp-json/oembed/1.0/embed14e8]
[at9.premiummod.com/listing/auction-1/index.html]
[at9.premiummod.com/wp-login9672.html]
[at9.premiummod.com/wp-login0df0.html]
[at9.premiummod.com/indexf3da.html]
[at9.premiummod.com/wp-json/oembed/1.0/embede4f7.json]
[at9.premiummod.com/wp-json/oembed/1.0/embed13ba]
[at9.premiummod.com/listing/auction-3/index.html]
[at9.premiummod.com/wp-login7176.html]
[at9.premiummod.com/indexe982.html]
[at9.premiummod.com/how-it-works/index8266.html]
[at9.premiummod.com/wp-login4f66.html]
[at9.premiummod.com/index03c7.html]
[at9.premiummod.com/page/2/index03c7.html]
[at9.premiummod.com/page/3/index03c7.html]
[at9.premiummod.com/index53e3.html]
[at9.premiummod.com/indexb87d.html]
[at9.premiummod.com/all-cats/index8266.html]
[at9.premiummod.com/indexa1ca.html]
[at9.premiummod.com/wp-loginc1df.html]
[at9.premiummod.com/memberships/index8266.html]
[at9.premiummod.com/indexc471.html]
[at9.premiummod.com/page/2/index53e3.html]
[at9.premiummod.com/category/uncategorized/index.html]
[at9.premiummod.com/page/3/index53e3.html]
[at9.premiummod.com/2019/09/15/example-blog-post-13/index.html]
[at9.premiummod.com/indexfabc.html]
[at9.premiummod.com/2019/09/15/example-blog-post-15/index.html]
[at9.premiummod.com/wp-json/oembed/1.0/embed9701.json]
[at9.premiummod.com/2019/09/15/example-blog-post-14/index.html]
[at9.premiummod.com/category/uncategorized/page/2/index.html]
[at9.premiummod.com/category/uncategorized/page/3/index.html]
[at9.premiummod.com/wp-json/oembed/1.0/embed405b]
[at9.premiummod.com/2019/12/18/example-blog-post-19/index.html]
[at9.premiummod.com/wp-login5e35.html]
[at9.premiummod.com/wp-json/oembed/1.0/embeda0e1.json]
[at9.premiummod.com/wp-json/oembed/1.0/embed8d9e]
[at9.premiummod.com/2019/12/18/example-blog-post-18/index.html]
[at9.premiummod.com/wp-json/oembed/1.0/embedec20.json]
[at9.premiummod.com/wp-loginedff.html]
[at9.premiummod.com/wp-json/oembed/1.0/embedaa87]
[at9.premiummod.com/2019/12/18/example-blog-post-17/index.html]
[at9.premiummod.com/blog/page/2/index.html]
[at9.premiummod.com/2019/09/15/example-blog-post-16/index.html]
[at9.premiummod.com/wp-loginbb98.html]
[at9.premiummod.com/blog/page/3/index.html]
[at9.premiummod.com/2019/09/15/example-blog-post-12/index.html]
[at9.premiummod.com/2019/09/15/example-blog-post-11/index.html]
[at9.premiummod.com/2019/09/15/example-blog-post-10/index.html]
[at9.premiummod.com/2019/09/15/example-blog-post-9/index.html]
[at9.premiummod.com/2019/06/25/example-blog-post-8/index.html]
[at9.premiummod.com/2019/06/25/example-blog-post-7/index.html]
[at9.premiummod.com/2019/06/25/example-blog-post-6/index.html]
[at9.premiummod.com/2019/06/25/example-blog-post-5/index.html]
[at9.premiummod.com/2019/06/25/example-blog-post-3/index.html]
[at9.premiummod.com/2019/06/25/example-blog-post-4/index.html]
[at9.premiummod.com/2019/06/25/example-blog-post-2/index.html]
[at9.premiummod.com/2019/06/25/example-blog-post/index.html]
[at9.premiummod.com/blog/page/4/index.html]
[at9.premiummod.com/indexc4f7.html]
[at9.premiummod.com/contact/index8266.html]
[at9.premiummod.com/indexdba8.html]
[at9.premiummod.com/wp-logina0ea.html]
[at9.premiummod.com/index1f1c.html]
[at9.premiummod.com/author/markfail/index.html]
[at9.premiummod.com/index9982.html]
[at9.premiummod.com/wp-login8454.html]
[at9.premiummod.com/index9df5.html]
[at9.premiummod.com/index87e8.html]
[at9.premiummod.com/wp-login74f2.html]
[at9.premiummod.com/indexe0da.html]
[at9.premiummod.com/indexe3b6.html]
[at9.premiummod.com/wp-login5d3f.html]
[at9.premiummod.com/index4a9d.html]
[at9.premiummod.com/indexca96.html]
[at9.premiummod.com/wp-login1635.html]
[at9.premiummod.com/index8e78.html]
[at9.premiummod.com/index4c50.html]
[at9.premiummod.com/wp-login05df.html]
[at9.premiummod.com/index434a.html]
[at9.premiummod.com/index3758.html]
[at9.premiummod.com/wp-login7fcb.html]
[at9.premiummod.com/indexdac6.html]
[at9.premiummod.com/index54a8.html]
[at9.premiummod.com/wp-logine979.html]
[at9.premiummod.com/indexefa1.html]
[at9.premiummod.com/indexf705.html]
[at9.premiummod.com/wp-login12cf.html]
[at9.premiummod.com/indexb1c1.html]
[at9.premiummod.com/index77b5.html]
[at9.premiummod.com/wp-login4697.html]
[at9.premiummod.com/index7fef.html]
[at9.premiummod.com/index5657.html]
[at9.premiummod.com/wp-logind802.html]
[at9.premiummod.com/indexe68a.html]
[at9.premiummod.com/index778b.html]
[at9.premiummod.com/wp-login0436.html]
[at9.premiummod.com/index92de.html]
[at9.premiummod.com/index2847.html]
[at9.premiummod.com/wp-login7e64.html]
[at9.premiummod.com/index9358.html]
[at9.premiummod.com/index8a0c.html]
[at9.premiummod.com/wp-login0689.html]
[at9.premiummod.com/indexa769.html]
[at9.premiummod.com/indexb7bc.html]
[at9.premiummod.com/wp-loginfee2.html]
[at9.premiummod.com/index4f91.html]
[at9.premiummod.com/indexb47e.html]
[at9.premiummod.com/wp-login1ed0.html]
[at9.premiummod.com/indexc79d.html]
[at9.premiummod.com/wp-login987d.html]
[at9.premiummod.com/index42fe.html]
[at9.premiummod.com/wp-login6184.html]
[at9.premiummod.com/index4fd2.html]
[at9.premiummod.com/wp-logina825.html]
[at9.premiummod.com/index0ecd.html]
[at9.premiummod.com/wp-loginca54.html]
[at9.premiummod.com/2019/06/25/hello-world/index.html]
[at9.premiummod.com/index3e88.html]
[at9.premiummod.com/indexb5fb.html]
[at9.premiummod.com/faq/index8266.html]
[at9.premiummod.com/index2df4.html]
[at9.premiummod.com/about-us/index8266.html]
[at9.premiummod.com/index0b69.html]
[at9.premiummod.com/testimonials/index8266.html]
[at9.premiummod.com/index678b.html]
[at9.premiummod.com/privacy/index8266.html]
[at9.premiummod.com/index64b4.html]
[at9.premiummod.com/advertising/index8266.html]
[at9.premiummod.com/indexf7f8.html]
[at9.premiummod.com/wp-login08ef.html]
[at9.premiummod.com/index1cf0.html]
[at9.premiummod.com/indexb015.html]
[at9.premiummod.com/wp-logine4ea.html]
[at9.premiummod.com/wp-login53fb.html]
[at9.premiummod.com/indexa001.html]
[at9.premiummod.com/indexb645.html]
[at9.premiummod.com/wp-login77d8.html]
[at9.premiummod.com/wp-login4e5d.html]
[at9.premiummod.com/index19b0.html]
[at9.premiummod.com/index06d3.html]
[at9.premiummod.com/wp-login5d06.html]
[at9.premiummod.com/index175c.html]
[at9.premiummod.com/index1beb.html]
[at9.premiummod.com/wp-login71e9.html]
[at9.premiummod.com/indexeba8.html]
[at9.premiummod.com/index01a2.html]
[at9.premiummod.com/wp-login5072.html]
[at9.premiummod.com/indexe085.html]
[at9.premiummod.com/index8c8c.html]
[at9.premiummod.com/wp-login12cf-2.html]
[at9.premiummod.com/indexac0e.html]
[at9.premiummod.com/index4c66.html]
[at9.premiummod.com/wp-loginb31e.html]
[at9.premiummod.com/index6a8c.html]
[at9.premiummod.com/index7ab1.html]
[at9.premiummod.com/wp-logine3e7.html]
[at9.premiummod.com/index8e70.html]
[at9.premiummod.com/index2905.html]
[at9.premiummod.com/wp-login57d3.html]
[at9.premiummod.com/indexe0fe.html]
[at9.premiummod.com/index6b92.html]
[at9.premiummod.com/wp-logine9f0.html]
[at9.premiummod.com/indexe08d.html]
[at9.premiummod.com/indexa040.html]
[at9.premiummod.com/wp-login155e.html]
[at9.premiummod.com/index1a3a.html]
[at9.premiummod.com/indexd526.html]
[at9.premiummod.com/wp-logindde5.html]
[at9.premiummod.com/indexe11f.html]
[at9.premiummod.com/indexfe24.html]
[at9.premiummod.com/wp-login4528.html]
[at9.premiummod.com/index944c.html]
[at9.premiummod.com/indexb3e1.html]
[at9.premiummod.com/wp-login41ea.html]
[at9.premiummod.com/indexf5a4.html]
[at9.premiummod.com/indexa260.html]
[at9.premiummod.com/wp-loginf3ba.html]
[at9.premiummod.com/index09e2.html]
[at9.premiummod.com/index6595.html]
[at9.premiummod.com/wp-loginebef.html]
[at9.premiummod.com/index4a64.html]
[at9.premiummod.com/index7014.html]
[at9.premiummod.com/wp-login2b45.html]
[at9.premiummod.com/index416a.html]
[at9.premiummod.com/index9e38.html]
[at9.premiummod.com/wp-login0a72.html]
[at9.premiummod.com/index1529.html]
[at9.premiummod.com/index6353.html]
[at9.premiummod.com/wp-login1a49.html]
[at9.premiummod.com/index3c81.html]
[at9.premiummod.com/indexc31c.html]
[at9.premiummod.com/wp-loginca62.html]
[at9.premiummod.com/index10ff.html]
[at9.premiummod.com/index9e0f.html]
[at9.premiummod.com/wp-login0df0.html]
[at9.premiummod.com/indexf3da.html]
[at9.premiummod.com/index20a4.html]
[at9.premiummod.com/wp-login4f66.html]
[at9.premiummod.com/indexfabc.html]
[at9.premiummod.com/page/2/index53e3.html]
[at9.premiummod.com/page/3/index53e3.html]
[at9.premiummod.com/page/2/index8266.html]
[at9.premiummod.com/wp-json/oembed/1.0/embed399c.json]
[at9.premiummod.com/page/3/index8266.html]
[at9.premiummod.com/wp-json/oembed/1.0/embed4834]
[at9.premiummod.com/2019/09/15/example-blog-post-13/index.html]
[at9.premiummod.com/wp-loginb3e5.html]
[at9.premiummod.com/wp-json/oembed/1.0/embed4d9f.json]
[at9.premiummod.com/wp-json/oembed/1.0/embedd237]
[at9.premiummod.com/2019/09/15/example-blog-post-14/index.html]
[at9.premiummod.com/wp-login5d99.html]
[at9.premiummod.com/wp-json/oembed/1.0/embedcffa.json]
[at9.premiummod.com/wp-json/oembed/1.0/embed7e8a]
[at9.premiummod.com/2019/09/15/example-blog-post-15/index.html]
[at9.premiummod.com/wp-logincd29.html]
[at9.premiummod.com/wp-json/oembed/1.0/embedd309.json]
[at9.premiummod.com/wp-json/oembed/1.0/embedf20f]
[at9.premiummod.com/2019/09/15/example-blog-post-16/index.html]
[at9.premiummod.com/category/uncategorized/page/2/index.html]
[at9.premiummod.com/category/uncategorized/page/3/index.html]
[at9.premiummod.com/indexb284.html]
[at9.premiummod.com/wp-login5e35.html]
[at9.premiummod.com/indexe0b1.html]
[at9.premiummod.com/wp-loginedff.html]
[at9.premiummod.com/index6c6e.html]
[at9.premiummod.com/wp-logina206.html]
[at9.premiummod.com/wp-loginbb98.html]
[at9.premiummod.com/wp-json/oembed/1.0/embedee47.json]
[at9.premiummod.com/wp-json/oembed/1.0/embed7ecd]
[at9.premiummod.com/2019/09/15/example-blog-post-12/index.html]
[at9.premiummod.com/wp-login14a9.html]
[at9.premiummod.com/wp-json/oembed/1.0/embed7e12.json]
[at9.premiummod.com/wp-json/oembed/1.0/embed8be1]
[at9.premiummod.com/2019/09/15/example-blog-post-11/index.html]
[at9.premiummod.com/wp-login668e.html]
[at9.premiummod.com/wp-json/oembed/1.0/embed1115.json]
[at9.premiummod.com/wp-json/oembed/1.0/embed409d]
[at9.premiummod.com/2019/09/15/example-blog-post-10/index.html]
[at9.premiummod.com/wp-json/oembed/1.0/embede4e3.json]
[at9.premiummod.com/wp-login9cf7.html]
[at9.premiummod.com/wp-json/oembed/1.0/embedd859]
[at9.premiummod.com/2019/09/15/example-blog-post-9/index.html]
[at9.premiummod.com/wp-loginc62e.html]
[at9.premiummod.com/wp-json/oembed/1.0/embed511f.json]
[at9.premiummod.com/wp-json/oembed/1.0/embed5018]
[at9.premiummod.com/2019/06/25/example-blog-post-8/index.html]
[at9.premiummod.com/wp-loginfb14.html]
[at9.premiummod.com/wp-json/oembed/1.0/embeddaf0.json]
[at9.premiummod.com/wp-json/oembed/1.0/embedf6d0]
[at9.premiummod.com/2019/06/25/example-blog-post-7/index.html]
[at9.premiummod.com/wp-logind691.html]
[at9.premiummod.com/wp-json/oembed/1.0/embed50d2.json]
[at9.premiummod.com/wp-json/oembed/1.0/embeda8d9]
[at9.premiummod.com/2019/06/25/example-blog-post-6/index.html]
[at9.premiummod.com/wp-logind4f6.html]
[at9.premiummod.com/wp-json/oembed/1.0/embeddf51.json]
[at9.premiummod.com/wp-json/oembed/1.0/embed9bba]
[at9.premiummod.com/2019/06/25/example-blog-post-5/index.html]
[at9.premiummod.com/wp-logincc6e.html]
[at9.premiummod.com/wp-json/oembed/1.0/embed665b.json]
[at9.premiummod.com/wp-json/oembed/1.0/embed64bc]
[at9.premiummod.com/2019/06/25/example-blog-post-4/index.html]
[at9.premiummod.com/wp-loginff2d.html]
[at9.premiummod.com/wp-json/oembed/1.0/embed7c8f.json]
[at9.premiummod.com/wp-json/oembed/1.0/embed8a27]
[at9.premiummod.com/2019/06/25/example-blog-post-3/index.html]
[at9.premiummod.com/wp-logind59f.html]
[at9.premiummod.com/wp-json/oembed/1.0/embedc2f5.json]
[at9.premiummod.com/wp-json/oembed/1.0/embed2e6b]
[at9.premiummod.com/2019/06/25/example-blog-post-2/index.html]
[at9.premiummod.com/wp-login65a4.html]
[at9.premiummod.com/wp-json/oembed/1.0/embed8700.json]
[at9.premiummod.com/wp-json/oembed/1.0/embeda464]
[at9.premiummod.com/2019/06/25/example-blog-post/index.html]
[at9.premiummod.com/wp-login246b.html]
[at9.premiummod.com/wp-json/oembed/1.0/embed1f4c.json]
[at9.premiummod.com/wp-json/oembed/1.0/embeda8c6]
[at9.premiummod.com/wp-loginfec1.html]
[at9.premiummod.com/2019/06/25/hello-world/index.html]
[at9.premiummod.com/2019/06/25/hello-world/index6809.html]
[at9.premiummod.com/index3e88.html]
[at9.premiummod.com/wp-content/themes/AT9/framework/elementor/css/images/layers.html]
[at9.premiummod.com/wp-content/themes/AT9/framework/elementor/css/images/layers-2x.html]
[at9.premiummod.com/wp-content/themes/AT9/framework/elementor/css/images/marker-icon.html]
[at9.premiummod.com/wp-content/themes/AT9/framework/elementor/images/loading.html]
[at9.premiummod.com/wp-content/themes/AT9/framework/img/slider/prettyPhoto/light_rounded/sprite.html]
[at9.premiummod.com/wp-content/themes/AT9/framework/img/slider/prettyPhoto/facebook/sprite.html]
[at9.premiummod.com/wp-content/themes/AT9/framework/img/slider/prettyPhoto/facebook/contentPatternTop.html]
[at9.premiummod.com/wp-content/themes/AT9/framework/img/slider/prettyPhoto/facebook/contentPatternLeft.html]
[at9.premiummod.com/wp-content/themes/AT9/framework/img/slider/prettyPhoto/facebook/contentPatternRight.html]
[at9.premiummod.com/wp-content/themes/AT9/framework/img/slider/prettyPhoto/facebook/loader.html]
[at9.premiummod.com/wp-content/themes/AT9/framework/img/slider/prettyPhoto/facebook/btnNext.html]
[at9.premiummod.com/wp-content/themes/AT9/framework/img/slider/prettyPhoto/facebook/btnPrevious.html]
[at9.premiummod.com/wp-content/themes/AT9/framework/img/slider/prettyPhoto/facebook/contentPatternBottom.html]
[at9.premiummod.com/wp-content/themes/AT9/framework/img/slider/prettyPhoto/facebook/default_thumbnail.html]
[at9.premiummod.com/wp-content/themes/AT9/framework/img/slider/prettyPhoto/light_rounded/loader.html]
[at9.premiummod.com/wp-content/themes/AT9/framework/img/slider/prettyPhoto/dark_rounded/contentPattern.html]
[at9.premiummod.com/wp-content/themes/AT9/framework/css/img/icons/user1.html]
[at9.premiummod.com/wp-content/themes/AT9/framework/css/img/icons/lock1.html]
[at9.premiummod.com/wp-content/themes/AT9/framework/css/img/icons/favs1.html]
[at9.premiummod.com/wp-content/themes/AT9/framework/css/img/icons/cart1.html]
[at9.premiummod.com/wp-content/themes/AT9/img/range-icon.html]
[at9.premiummod.com/page/2/index8266.html]
[at9.premiummod.com/page/3/index8266.html]
[at9.premiummod.com/indexb773.html]
[at9.premiummod.com/wp-loginb3e5.html]
[at9.premiummod.com/indexc544.html]
[at9.premiummod.com/wp-login5d99.html]
[at9.premiummod.com/index8e1b.html]
[at9.premiummod.com/wp-logincd29.html]
[at9.premiummod.com/indexd89d.html]
[at9.premiummod.com/wp-logina206.html]
[at9.premiummod.com/index548d.html]
[at9.premiummod.com/wp-login14a9.html]
[at9.premiummod.com/index03bd.html]
[at9.premiummod.com/wp-login668e.html]
[at9.premiummod.com/index0c93.html]
[at9.premiummod.com/wp-login9cf7.html]
[at9.premiummod.com/index6233.html]
[at9.premiummod.com/wp-loginc62e.html]
[at9.premiummod.com/index2cf9.html]
[at9.premiummod.com/wp-loginfb14.html]
[at9.premiummod.com/index40a0.html]
[at9.premiummod.com/wp-logind691.html]
[at9.premiummod.com/index0345.html]
[at9.premiummod.com/wp-logind4f6.html]
[at9.premiummod.com/index3965.html]
[at9.premiummod.com/wp-logincc6e.html]
[at9.premiummod.com/index341b.html]
[at9.premiummod.com/wp-loginff2d.html]
[at9.premiummod.com/index5831.html]
[at9.premiummod.com/wp-logind59f.html]
[at9.premiummod.com/index0735.html]
[at9.premiummod.com/wp-login65a4.html]
[at9.premiummod.com/indexd8eb.html]
[at9.premiummod.com/wp-login246b.html]
[at9.premiummod.com/indexcff1.html]
[at9.premiummod.com/wp-loginfec1.html]
[at9.premiummod.com/2019/06/25/hello-world/index6809.html]
[via.placeholder.com/350x3507004.png]
